// Jest Snapshot v1, https://goo.gl/fbAQLP

exports[`renders FormComponent 1`] = `
<DocumentFragment>
  <div
    class="container"
  >
    <div
      class="row mt-5"
    >
      <div
        class="col-lg"
      >
        <form
          class="demoForm"
        >
          <h2>
            Sign up
          </h2>
          <div
            class="formErrors"
          >
            <div
              class="alert alert-danger"
              role="alert"
            />
          </div>
          <div
            class="form-group mt-4"
          >
            <label
              for="email"
            >
              Email address
            </label>
            <input
              class="form-control"
              data-testid="email"
              name="email"
              placeholder="Email address"
              type="email"
              value=""
            />
          </div>
          <div
            class="form-group"
          >
            <label
              for="password"
            >
              Password
            </label>
            <input
              class="form-control"
              data-testid="password"
              name="password"
              placeholder="Password"
              type="password"
              value=""
            />
          </div>
          <button
            class="btn btn-primary"
            data-testid="button-disabled"
            disabled=""
            type="submit"
          >
            Sign up
          </button>
        </form>
      </div>
    </div>
  </div>
</DocumentFragment>
`;
